// Vitest Snapshot v1, https://vitest.dev/guide/snapshot.html

exports[`should match snapshot 1`] = `
<DocumentFragment>
  <div
    class="signup-form"
  >
    <h1>
      Sign Up
    </h1>
    <form>
      <div
        class="username-div"
      >
        <label
          for="username"
        >
          Username: 
        </label>
        <input
          id="signup_username"
          name="username"
          placeholder="type your username here"
          required=""
          type="text"
          value=""
        />
      </div>
      <div
        class="password-div"
      >
        <label
          for="password"
        >
          Password: 
        </label>
        <input
          id="signup_password"
          name="password"
          placeholder="type your password here"
          required=""
          type="password"
          value=""
        />
      </div>
      <div
        class="firstName-div"
      >
        <label
          for="firstName"
        >
          First Name: 
        </label>
        <input
          id="firstName"
          name="firstName"
          placeholder="type your first name here"
          required=""
          type="text"
          value=""
        />
      </div>
      <div
        class="lastName-div"
      >
        <label
          for="lastName"
        >
          Last Name: 
        </label>
        <input
          id="lastName"
          name="lastName"
          placeholder="type your last name here"
          required=""
          type="text"
          value=""
        />
      </div>
      <div
        class="email-div"
      >
        <label
          for="email"
        >
          Email: 
        </label>
        <input
          id="email"
          name="email"
          placeholder="type your email here"
          required=""
          type="email"
          value=""
        />
      </div>
      <div
        class="address-div"
      >
        <label
          for="address"
        >
          Address: 
        </label>
        <input
          id="address"
          name="address"
          placeholder="type your address here"
          required=""
          type="text"
          value=""
        />
      </div>
      <div
        class="zipCode-div"
      >
        <label
          for="zipCode"
        >
          Zipcode: 
        </label>
        <input
          id="zipCode"
          name="zipCode"
          placeholder="type your zipCode here"
          required=""
          type="number"
          value=""
        />
      </div>
      <div
        class="city-div"
      >
        <label
          for="city"
        >
          City: 
        </label>
        <input
          id="city"
          name="city"
          placeholder="type your city here"
          required=""
          type="text"
          value=""
        />
      </div>
      <div
        class="regionOrState-div"
      >
        <label
          for="regionOrState"
        >
          Region Or State: 
        </label>
        <input
          id="regionOrState"
          name="regionOrState"
          placeholder="type your region or state here"
          type="text"
          value=""
        />
      </div>
      <div
        class="country-div"
      >
        <label
          for="country"
        >
          Country: 
        </label>
        <input
          id="country"
          name="country"
          placeholder="type your country here"
          required=""
          type="text"
          value="United States of America"
        />
      </div>
      <div
        class="button-div"
      >
        <button
          class="get-profile-button"
        >
          Sign Up!
        </button>
      </div>
    </form>
  </div>
</DocumentFragment>
`;
