// Vitest Snapshot v1, https://vitest.dev/guide/snapshot.html

exports[`should match snapshot 1`] = `
<DocumentFragment>
  <h1>
    Please Log In First!
  </h1>
</DocumentFragment>
`;
