// Vitest Snapshot v1, https://vitest.dev/guide/snapshot.html

exports[`should match snapshot 1`] = `
<DocumentFragment>
  <h1
    class="app-header"
  >
    <span>
      W
    </span>
    <span>
      o
    </span>
    <span>
      r
    </span>
    <span>
      l
    </span>
    <span>
      d
    </span>
    <span>
      w
    </span>
    <span>
      i
    </span>
    <span>
      d
    </span>
    <span>
      e
    </span>
    <span>
       
    </span>
    <span>
      G
    </span>
    <span>
      a
    </span>
    <span>
      r
    </span>
    <span>
      a
    </span>
    <span>
      g
    </span>
    <span>
      e
    </span>
    <span>
       
    </span>
    <span>
      S
    </span>
    <span>
      a
    </span>
    <span>
      l
    </span>
    <span>
      e
    </span>
    <span>
      !
    </span>
  </h1>
</DocumentFragment>
`;
