// Vitest Snapshot v1, https://vitest.dev/guide/snapshot.html

exports[`should match snapshot 1`] = `
<DocumentFragment>
  <div
    class="home-div"
  >
    <h1>
      Welcome to The Worldwide Garage Sale!
    </h1>
    <h2>
      Please log in for full experience!
    </h2>
  </div>
</DocumentFragment>
`;
