// Vitest Snapshot v1, https://vitest.dev/guide/snapshot.html

exports[`should match snapshot 1`] = `
<DocumentFragment>
  <div
    class="navbar"
  >
    <div
      class="nav-box"
    >
      <a
        href="/"
      >
        Home
      </a>
    </div>
    <div
      class="nav-box"
    >
      <a
        href="/register"
      >
        <button
          class="auth-button"
        >
          Sign Up/Login
        </button>
      </a>
    </div>
  </div>
</DocumentFragment>
`;
